Running command: set -euo pipefail
if command -v apt-get >/dev/null 2>&1; then
  export DEBIAN_FRONTEND=noninteractive
  apt-get update -qq
  apt-get install -y python3 python3-pip python3-venv curl ca-certificates tar unzip bzip2 xz-utils
elif command -v apk >/dev/null 2>&1; then
  apk add --no-cache python3 py3-pip py3-virtualenv curl ca-certificates tar unzip bzip2 xz
elif command -v dnf >/dev/null 2>&1; then
  dnf install -y python3 python3-pip curl ca-certificates tar unzip bzip2 xz
elif command -v yum >/dev/null 2>&1; then
  yum install -y python3 python3-pip curl ca-certificates tar unzip bzip2 xz
else
  echo "Unsupported package manager for ACP agent setup" >&2
  exit 1
fi

if [ ! -x /opt/harbor-acp-venv/bin/python ] || ! /opt/harbor-acp-venv/bin/python -c "import acp" >/dev/null 2>&1; then
  rm -rf /opt/harbor-acp-venv
  python3 -m venv /opt/harbor-acp-venv
  /opt/harbor-acp-venv/bin/pip install --upgrade pip
  /opt/harbor-acp-venv/bin/pip install agent-client-protocol
fi

if [ "0" = "1" ] && [ ! -x /opt/harbor-acp-venv/bin/uvx ]; then
  /opt/harbor-acp-venv/bin/pip install uv
fi
Trial adaptive-rejection-sampler__DHMXGdc failed: Agent setup timed out after 360.0 seconds
Collecting main service artifacts
Not retrying trial because the maximum number of retries has been reached
